0 verbose cli /data/data/com.termux/files/usr/bin/node /data/data/com.termux/files/usr/bin/npm
1 info using npm@11.17.0
2 info using node@v26.3.1
3 silly config load:file:/data/data/com.termux/files/usr/lib/node_modules/npm/npmrc
4 silly config load:file:/data/data/com.termux/files/home/.npmrc
5 silly config load:file:/data/data/com.termux/files/usr/etc/npmrc
6 verbose title npm install
7 verbose argv "install"
8 verbose logfile logs-max:10 dir:/data/data/com.termux/files/home/.npm/_logs/2026-08-05T09_57_11_369Z-
9 verbose logfile /data/data/com.termux/files/home/.npm/_logs/2026-08-05T09_57_11_369Z-debug-0.log
10 silly logfile done cleaning log files
11 silly packumentCache heap:1079771136 maxSize:269942784 maxEntrySize:134971392
12 silly idealTree buildDeps
13 silly fetch manifest express@^4.18.2
14 silly packumentCache full:https://registry.npmjs.org/express cache-miss
15 http fetch GET 200 https://registry.npmjs.org/express 1380ms (cache miss)
16 silly packumentCache full:https://registry.npmjs.org/express set size:undefined disposed:false
17 silly fetch manifest socket.io@^4.7.2
18 silly packumentCache full:https://registry.npmjs.org/socket.io cache-miss
19 http fetch GET 200 https://registry.npmjs.org/npm 2088ms
20 http fetch GET 200 https://registry.npmjs.org/socket.io 779ms (cache miss)
21 silly packumentCache full:https://registry.npmjs.org/socket.io set size:undefined disposed:false
22 silly placeDep ROOT express@4.22.2 OK for: sploop-termux@1.0.0 want: ^4.18.2
23 silly placeDep ROOT socket.io@4.8.3 OK for: sploop-termux@1.0.0 want: ^4.7.2
24 silly fetch manifest qs@~6.15.1
25 silly packumentCache full:https://registry.npmjs.org/qs cache-miss
26 silly fetch manifest depd@2.0.0
27 silly packumentCache full:https://registry.npmjs.org/depd cache-miss
28 silly fetch manifest etag@~1.8.1
29 silly packumentCache full:https://registry.npmjs.org/etag cache-miss
30 silly fetch manifest send@~0.19.0
31 silly packumentCache full:https://registry.npmjs.org/send cache-miss
32 silly fetch manifest vary@~1.1.2
33 silly packumentCache full:https://registry.npmjs.org/vary cache-miss
34 silly fetch manifest debug@2.6.9
35 silly packumentCache full:https://registry.npmjs.org/debug cache-miss
36 silly fetch manifest fresh@~0.5.2
37 silly packumentCache full:https://registry.npmjs.org/fresh cache-miss
38 http fetch GET 200 https://registry.npmjs.org/depd 266ms (cache miss)
39 silly packumentCache full:https://registry.npmjs.org/depd set size:undefined disposed:false
40 silly fetch manifest cookie@~0.7.1
41 silly packumentCache full:https://registry.npmjs.org/cookie cache-miss
42 http fetch GET 200 https://registry.npmjs.org/qs 364ms (cache miss)
43 silly packumentCache full:https://registry.npmjs.org/qs set size:undefined disposed:false
44 silly fetch manifest accepts@~1.3.8
45 silly packumentCache full:https://registry.npmjs.org/accepts cache-miss
46 http fetch GET 200 https://registry.npmjs.org/cookie 515ms (cache miss)
47 silly packumentCache full:https://registry.npmjs.org/cookie set size:undefined disposed:false
48 silly fetch manifest methods@~1.1.2
49 silly packumentCache full:https://registry.npmjs.org/methods cache-miss
50 http fetch GET 200 https://registry.npmjs.org/accepts 455ms (cache miss)
51 silly packumentCache full:https://registry.npmjs.org/accepts set size:undefined disposed:false
52 silly fetch manifest type-is@~1.6.18
53 silly packumentCache full:https://registry.npmjs.org/type-is cache-miss
54 http fetch GET 200 https://registry.npmjs.org/debug 1013ms (cache miss)
55 silly packumentCache full:https://registry.npmjs.org/debug set size:undefined disposed:false
56 silly fetch manifest parseurl@~1.3.3
57 silly packumentCache full:https://registry.npmjs.org/parseurl cache-miss
58 http fetch GET 200 https://registry.npmjs.org/etag 1153ms (cache miss)
59 silly packumentCache full:https://registry.npmjs.org/etag set size:undefined disposed:false
60 silly fetch manifest statuses@~2.0.1
61 silly packumentCache full:https://registry.npmjs.org/statuses cache-miss
62 http fetch GET 200 https://registry.npmjs.org/methods 400ms (cache miss)
63 silly packumentCache full:https://registry.npmjs.org/methods set size:undefined disposed:false
64 silly fetch manifest encodeurl@~2.0.0
65 silly packumentCache full:https://registry.npmjs.org/encodeurl cache-miss
66 http fetch GET 200 https://registry.npmjs.org/type-is 361ms (cache miss)
67 silly packumentCache full:https://registry.npmjs.org/type-is set size:undefined disposed:false
68 silly fetch manifest proxy-addr@~2.0.7
69 silly packumentCache full:https://registry.npmjs.org/proxy-addr cache-miss
70 http fetch GET 200 https://registry.npmjs.org/send 1282ms (cache miss)
71 silly packumentCache full:https://registry.npmjs.org/send set size:undefined disposed:false
72 silly fetch manifest body-parser@~1.20.5
73 silly packumentCache full:https://registry.npmjs.org/body-parser cache-miss
74 http fetch GET 200 https://registry.npmjs.org/parseurl 250ms (cache miss)
75 silly packumentCache full:https://registry.npmjs.org/parseurl set size:undefined disposed:false
76 silly fetch manifest escape-html@~1.0.3
77 silly packumentCache full:https://registry.npmjs.org/escape-html cache-miss
78 http fetch GET 200 https://registry.npmjs.org/statuses 206ms (cache miss)
79 silly packumentCache full:https://registry.npmjs.org/statuses set size:undefined disposed:false
80 silly fetch manifest http-errors@~2.0.0
81 silly packumentCache full:https://registry.npmjs.org/http-errors cache-miss
82 http fetch GET 200 https://registry.npmjs.org/vary 1477ms (cache miss)
83 silly packumentCache full:https://registry.npmjs.org/vary set size:undefined disposed:false
84 silly fetch manifest on-finished@~2.4.1
85 silly packumentCache full:https://registry.npmjs.org/on-finished cache-miss
86 http fetch GET 200 https://registry.npmjs.org/fresh 1494ms (cache miss)
87 silly packumentCache full:https://registry.npmjs.org/fresh set size:undefined disposed:false
88 silly fetch manifest safe-buffer@5.2.1
89 silly packumentCache full:https://registry.npmjs.org/safe-buffer cache-miss
90 http fetch GET 200 https://registry.npmjs.org/encodeurl 330ms (cache miss)
91 silly packumentCache full:https://registry.npmjs.org/encodeurl set size:undefined disposed:false
92 silly fetch manifest utils-merge@1.0.1
93 silly packumentCache full:https://registry.npmjs.org/utils-merge cache-miss
94 http fetch GET 200 https://registry.npmjs.org/proxy-addr 322ms (cache miss)
95 silly packumentCache full:https://registry.npmjs.org/proxy-addr set size:undefined disposed:false
96 silly fetch manifest content-type@~1.0.4
97 silly packumentCache full:https://registry.npmjs.org/content-type cache-miss
98 http fetch GET 200 https://registry.npmjs.org/escape-html 294ms (cache miss)
99 silly packumentCache full:https://registry.npmjs.org/escape-html set size:undefined disposed:false
100 silly fetch manifest finalhandler@~1.3.1
101 silly packumentCache full:https://registry.npmjs.org/finalhandler cache-miss
102 http fetch GET 200 https://registry.npmjs.org/body-parser 318ms (cache miss)
103 silly packumentCache full:https://registry.npmjs.org/body-parser set size:undefined disposed:false
104 silly fetch manifest range-parser@~1.2.1
105 silly packumentCache full:https://registry.npmjs.org/range-parser cache-miss
106 http fetch GET 200 https://registry.npmjs.org/http-errors 275ms (cache miss)
107 silly packumentCache full:https://registry.npmjs.org/http-errors set size:undefined disposed:false
108 silly fetch manifest serve-static@~1.16.2
109 silly packumentCache full:https://registry.npmjs.org/serve-static cache-miss
110 http fetch GET 200 https://registry.npmjs.org/finalhandler 505ms (cache miss)
111 silly packumentCache full:https://registry.npmjs.org/finalhandler set size:undefined disposed:false
112 silly fetch manifest array-flatten@1.1.1
113 silly packumentCache full:https://registry.npmjs.org/array-flatten cache-miss
114 http fetch GET 200 https://registry.npmjs.org/safe-buffer 663ms (cache miss)
115 silly packumentCache full:https://registry.npmjs.org/safe-buffer set size:undefined disposed:false
116 silly fetch manifest path-to-regexp@~0.1.12
117 silly packumentCache full:https://registry.npmjs.org/path-to-regexp cache-miss
118 http fetch GET 200 https://registry.npmjs.org/on-finished 742ms (cache miss)
119 silly packumentCache full:https://registry.npmjs.org/on-finished set size:undefined disposed:false
120 silly fetch manifest setprototypeof@1.2.0
121 silly packumentCache full:https://registry.npmjs.org/setprototypeof cache-miss
122 http fetch GET 200 https://registry.npmjs.org/utils-merge 1001ms (cache miss)
123 silly packumentCache full:https://registry.npmjs.org/utils-merge set size:undefined disposed:false
124 silly fetch manifest cookie-signature@~1.0.6
125 silly packumentCache full:https://registry.npmjs.org/cookie-signature cache-miss
126 http fetch GET 200 https://registry.npmjs.org/array-flatten 511ms (cache miss)
127 silly packumentCache full:https://registry.npmjs.org/array-flatten set size:undefined disposed:false
128 silly fetch manifest merge-descriptors@1.0.3
129 silly packumentCache full:https://registry.npmjs.org/merge-descriptors cache-miss
130 http fetch GET 200 https://registry.npmjs.org/serve-static 1170ms (cache miss)
131 silly packumentCache full:https://registry.npmjs.org/serve-static set size:undefined disposed:false
132 silly fetch manifest content-disposition@~0.5.4
133 silly packumentCache full:https://registry.npmjs.org/content-disposition cache-miss
134 http fetch GET 200 https://registry.npmjs.org/cookie-signature 411ms (cache miss)
135 silly packumentCache full:https://registry.npmjs.org/cookie-signature set size:undefined disposed:false
136 silly fetch manifest accepts@~1.3.4
137 silly packumentCache full:https://registry.npmjs.org/accepts cache-miss
138 http fetch GET 200 https://registry.npmjs.org/merge-descriptors 347ms (cache miss)
139 silly packumentCache full:https://registry.npmjs.org/merge-descriptors set size:undefined disposed:false
140 silly fetch manifest base64id@~2.0.0
141 silly packumentCache full:https://registry.npmjs.org/base64id cache-miss
142 http cache https://registry.npmjs.org/accepts 62ms (cache hit)
143 silly packumentCache full:https://registry.npmjs.org/accepts set size:77054 disposed:false
144 silly fetch manifest cors@~2.8.5
145 silly packumentCache full:https://registry.npmjs.org/cors cache-miss
146 http fetch GET 200 https://registry.npmjs.org/path-to-regexp 902ms (cache miss)
147 silly packumentCache full:https://registry.npmjs.org/path-to-regexp set size:undefined disposed:false
148 silly fetch manifest debug@~4.4.1
149 silly packumentCache full:https://registry.npmjs.org/debug cache-miss
150 http fetch GET 200 https://registry.npmjs.org/content-type 1564ms (cache miss)
151 silly packumentCache full:https://registry.npmjs.org/content-type set size:undefined disposed:false
152 silly fetch manifest engine.io@~6.6.0
153 silly packumentCache full:https://registry.npmjs.org/engine.io cache-miss
154 http cache https://registry.npmjs.org/debug 67ms (cache hit)
155 silly packumentCache full:https://registry.npmjs.org/debug set size:195840 disposed:false
156 silly fetch manifest socket.io-adapter@~2.5.2
157 silly packumentCache full:https://registry.npmjs.org/socket.io-adapter cache-miss
158 http fetch GET 200 https://registry.npmjs.org/setprototypeof 953ms (cache miss)
159 silly packumentCache full:https://registry.npmjs.org/setprototypeof set size:undefined disposed:false
160 silly fetch manifest socket.io-parser@~4.2.4
161 silly packumentCache full:https://registry.npmjs.org/socket.io-parser cache-miss
162 http fetch GET 200 https://registry.npmjs.org/content-disposition 340ms (cache miss)
163 silly packumentCache full:https://registry.npmjs.org/content-disposition set size:undefined disposed:false
164 http fetch GET 200 https://registry.npmjs.org/base64id 227ms (cache miss)
165 silly packumentCache full:https://registry.npmjs.org/base64id set size:undefined disposed:false
166 http fetch GET 200 https://registry.npmjs.org/range-parser 1610ms (cache miss)
167 silly packumentCache full:https://registry.npmjs.org/range-parser set size:undefined disposed:false
168 http fetch GET 200 https://registry.npmjs.org/cors 307ms (cache miss)
169 silly packumentCache full:https://registry.npmjs.org/cors set size:undefined disposed:false
170 http fetch GET 200 https://registry.npmjs.org/socket.io-adapter 312ms (cache miss)
171 silly packumentCache full:https://registry.npmjs.org/socket.io-adapter set size:undefined disposed:false
172 http fetch GET 200 https://registry.npmjs.org/engine.io 393ms (cache miss)
173 silly packumentCache full:https://registry.npmjs.org/engine.io set size:undefined disposed:false
174 http fetch GET 200 https://registry.npmjs.org/socket.io-parser 381ms (cache miss)
175 silly packumentCache full:https://registry.npmjs.org/socket.io-parser set size:undefined disposed:false
176 silly placeDep ROOT accepts@1.3.8 OK for: express@4.22.2 want: ~1.3.8
177 silly placeDep ROOT array-flatten@1.1.1 OK for: express@4.22.2 want: 1.1.1
178 silly placeDep ROOT body-parser@1.20.6 OK for: express@4.22.2 want: ~1.20.5
179 silly placeDep ROOT content-disposition@0.5.4 OK for: express@4.22.2 want: ~0.5.4
180 silly placeDep ROOT content-type@1.0.5 OK for: express@4.22.2 want: ~1.0.4
181 silly placeDep ROOT cookie@0.7.2 OK for: express@4.22.2 want: ~0.7.1
182 silly placeDep ROOT cookie-signature@1.0.7 OK for: express@4.22.2 want: ~1.0.6
183 silly placeDep ROOT debug@2.6.9 OK for: express@4.22.2 want: 2.6.9
184 silly placeDep ROOT depd@2.0.0 OK for: express@4.22.2 want: 2.0.0
185 silly placeDep ROOT encodeurl@2.0.0 OK for: express@4.22.2 want: ~2.0.0
186 silly placeDep ROOT escape-html@1.0.3 OK for: express@4.22.2 want: ~1.0.3
187 silly placeDep ROOT etag@1.8.1 OK for: express@4.22.2 want: ~1.8.1
188 silly placeDep ROOT finalhandler@1.3.2 OK for: express@4.22.2 want: ~1.3.1
189 silly placeDep ROOT fresh@0.5.2 OK for: express@4.22.2 want: ~0.5.2
190 silly placeDep ROOT http-errors@2.0.1 OK for: express@4.22.2 want: ~2.0.0
191 silly placeDep ROOT merge-descriptors@1.0.3 OK for: express@4.22.2 want: 1.0.3
192 silly placeDep ROOT methods@1.1.2 OK for: express@4.22.2 want: ~1.1.2
193 silly placeDep ROOT on-finished@2.4.1 OK for: express@4.22.2 want: ~2.4.1
194 silly placeDep ROOT parseurl@1.3.3 OK for: express@4.22.2 want: ~1.3.3
195 silly placeDep ROOT path-to-regexp@0.1.13 OK for: express@4.22.2 want: ~0.1.12
196 silly placeDep ROOT proxy-addr@2.0.7 OK for: express@4.22.2 want: ~2.0.7
197 silly placeDep ROOT qs@6.15.3 OK for: express@4.22.2 want: ~6.15.1
198 silly placeDep ROOT range-parser@1.2.1 OK for: express@4.22.2 want: ~1.2.1
199 silly placeDep ROOT safe-buffer@5.2.1 OK for: express@4.22.2 want: 5.2.1
200 silly placeDep ROOT send@0.19.2 OK for: express@4.22.2 want: ~0.19.0
201 silly placeDep ROOT serve-static@1.16.3 OK for: express@4.22.2 want: ~1.16.2
202 silly placeDep ROOT setprototypeof@1.2.0 OK for: express@4.22.2 want: 1.2.0
203 silly placeDep ROOT statuses@2.0.2 OK for: express@4.22.2 want: ~2.0.1
204 silly placeDep ROOT type-is@1.6.18 OK for: express@4.22.2 want: ~1.6.18
205 silly placeDep ROOT utils-merge@1.0.1 OK for: express@4.22.2 want: 1.0.1
206 silly placeDep ROOT vary@1.1.2 OK for: express@4.22.2 want: ~1.1.2
207 silly fetch manifest mime-types@~2.1.34
208 silly packumentCache full:https://registry.npmjs.org/mime-types cache-miss
209 silly fetch manifest negotiator@0.6.3
210 silly packumentCache full:https://registry.npmjs.org/negotiator cache-miss
211 silly fetch manifest bytes@~3.1.2
212 silly packumentCache full:https://registry.npmjs.org/bytes cache-miss
213 silly fetch manifest unpipe@~1.0.0
214 silly packumentCache full:https://registry.npmjs.org/unpipe cache-miss
215 silly fetch manifest destroy@~1.2.0
216 silly packumentCache full:https://registry.npmjs.org/destroy cache-miss
217 silly fetch manifest raw-body@~2.5.3
218 silly packumentCache full:https://registry.npmjs.org/raw-body cache-miss
219 silly fetch manifest iconv-lite@~0.4.24
220 silly packumentCache full:https://registry.npmjs.org/iconv-lite cache-miss
221 http fetch GET 200 https://registry.npmjs.org/mime-types 260ms (cache miss)
222 silly packumentCache full:https://registry.npmjs.org/mime-types set size:undefined disposed:false
223 silly fetch manifest http-errors@~2.0.1
224 silly packumentCache full:https://registry.npmjs.org/http-errors cache-miss
225 http cache https://registry.npmjs.org/http-errors 84ms (cache hit)
226 silly packumentCache full:https://registry.npmjs.org/http-errors set size:71987 disposed:false
227 silly fetch manifest content-type@~1.0.5
228 silly packumentCache full:https://registry.npmjs.org/content-type cache-miss
229 http fetch GET 200 https://registry.npmjs.org/unpipe 367ms (cache miss)
230 silly packumentCache full:https://registry.npmjs.org/unpipe set size:undefined disposed:false
231 silly fetch manifest ms@2.0.0
232 silly packumentCache full:https://registry.npmjs.org/ms cache-miss
233 http fetch GET 200 https://registry.npmjs.org/bytes 375ms (cache miss)
234 silly packumentCache full:https://registry.npmjs.org/bytes set size:undefined disposed:false
235 silly fetch manifest statuses@~2.0.2
236 silly packumentCache full:https://registry.npmjs.org/statuses cache-miss
237 http fetch GET 200 https://registry.npmjs.org/negotiator 388ms (cache miss)
238 silly packumentCache full:https://registry.npmjs.org/negotiator set size:undefined disposed:false
239 silly fetch manifest inherits@~2.0.4
240 silly packumentCache full:https://registry.npmjs.org/inherits cache-miss
241 http fetch GET 200 https://registry.npmjs.org/destroy 396ms (cache miss)
242 silly packumentCache full:https://registry.npmjs.org/destroy set size:undefined disposed:false
243 silly fetch manifest setprototypeof@~1.2.0
244 silly packumentCache full:https://registry.npmjs.org/setprototypeof cache-miss
245 http fetch GET 200 https://registry.npmjs.org/raw-body 413ms (cache miss)
246 silly packumentCache full:https://registry.npmjs.org/raw-body set size:undefined disposed:false
247 silly fetch manifest statuses@~2.0.2
248 silly packumentCache full:https://registry.npmjs.org/statuses cache-miss
249 http cache https://registry.npmjs.org/content-type 71ms (cache hit)
250 silly packumentCache full:https://registry.npmjs.org/content-type set size:18994 disposed:false
251 silly fetch manifest toidentifier@~1.0.1
252 silly packumentCache full:https://registry.npmjs.org/toidentifier cache-miss
253 http cache https://registry.npmjs.org/statuses 66ms (cache hit)
254 silly packumentCache full:https://registry.npmjs.org/statuses set size:37117 disposed:false
255 silly fetch manifest ee-first@1.1.1
256 silly packumentCache full:https://registry.npmjs.org/ee-first cache-miss
257 http cache https://registry.npmjs.org/setprototypeof 56ms (cache hit)
258 silly packumentCache full:https://registry.npmjs.org/setprototypeof set size:14532 disposed:false
259 silly fetch manifest forwarded@0.2.0
260 silly packumentCache full:https://registry.npmjs.org/forwarded cache-miss
261 http cache https://registry.npmjs.org/statuses 45ms (cache hit)
262 silly packumentCache full:https://registry.npmjs.org/statuses set size:37117 disposed:false
263 silly packumentCache full:https://registry.npmjs.org/statuses dispose
264 silly fetch manifest ipaddr.js@1.9.1
265 silly packumentCache full:https://registry.npmjs.org/ipaddr.js cache-miss
266 http fetch GET 200 https://registry.npmjs.org/ms 211ms (cache miss)
267 silly packumentCache full:https://registry.npmjs.org/ms set size:undefined disposed:false
268 silly fetch manifest side-channel@^1.1.1
269 silly packumentCache full:https://registry.npmjs.org/side-channel cache-miss
270 http fetch GET 200 https://registry.npmjs.org/inherits 276ms (cache miss)
271 silly packumentCache full:https://registry.npmjs.org/inherits set size:undefined disposed:false
272 silly fetch manifest es-define-property@^1.0.1
273 silly packumentCache full:https://registry.npmjs.org/es-define-property cache-miss
274 http fetch GET 200 https://registry.npmjs.org/ee-first 230ms (cache miss)
275 silly packumentCache full:https://registry.npmjs.org/ee-first set size:undefined disposed:false
276 silly fetch manifest ms@2.1.3
277 silly packumentCache full:https://registry.npmjs.org/ms cache-miss
278 http fetch GET 200 https://registry.npmjs.org/toidentifier 251ms (cache miss)
279 silly packumentCache full:https://registry.npmjs.org/toidentifier set size:undefined disposed:false
280 silly fetch manifest mime@1.6.0
281 silly packumentCache full:https://registry.npmjs.org/mime cache-miss
282 http fetch GET 200 https://registry.npmjs.org/forwarded 230ms (cache miss)
283 silly packumentCache full:https://registry.npmjs.org/forwarded set size:undefined disposed:false
284 silly fetch manifest destroy@1.2.0
285 silly packumentCache full:https://registry.npmjs.org/destroy cache-miss
286 http cache https://registry.npmjs.org/ms 31ms (cache hit)
287 silly packumentCache full:https://registry.npmjs.org/ms set size:92208 disposed:false
288 silly fetch manifest mime-types@~2.1.24
289 silly packumentCache full:https://registry.npmjs.org/mime-types cache-miss
290 http cache https://registry.npmjs.org/destroy 31ms (cache hit)
291 silly packumentCache full:https://registry.npmjs.org/destroy set size:15738 disposed:false
292 silly fetch manifest media-typer@0.3.0
293 silly packumentCache full:https://registry.npmjs.org/media-typer cache-miss
294 http fetch GET 200 https://registry.npmjs.org/ipaddr.js 259ms (cache miss)
295 silly packumentCache full:https://registry.npmjs.org/ipaddr.js set size:undefined disposed:false
296 http cache https://registry.npmjs.org/mime-types 29ms (cache hit)
297 silly packumentCache full:https://registry.npmjs.org/mime-types set size:139110 disposed:false
298 http fetch GET 200 https://registry.npmjs.org/side-channel 373ms (cache miss)
299 silly packumentCache full:https://registry.npmjs.org/side-channel set size:undefined disposed:false
300 http fetch GET 200 https://registry.npmjs.org/iconv-lite 1040ms (cache miss)
301 silly packumentCache full:https://registry.npmjs.org/iconv-lite set size:undefined disposed:false
302 http fetch GET 200 https://registry.npmjs.org/es-define-property 396ms (cache miss)
303 silly packumentCache full:https://registry.npmjs.org/es-define-property set size:undefined disposed:false
304 http fetch GET 200 https://registry.npmjs.org/mime 420ms (cache miss)
305 silly packumentCache full:https://registry.npmjs.org/mime set size:undefined disposed:false
306 http fetch GET 200 https://registry.npmjs.org/media-typer 395ms (cache miss)
307 silly packumentCache full:https://registry.npmjs.org/media-typer set size:undefined disposed:false
308 silly placeDep ROOT mime-types@2.1.35 OK for: accepts@1.3.8 want: ~2.1.34
309 silly placeDep ROOT negotiator@0.6.3 OK for: accepts@1.3.8 want: 0.6.3
310 silly fetch manifest mime-db@1.52.0
311 silly packumentCache full:https://registry.npmjs.org/mime-db cache-miss
312 http fetch GET 200 https://registry.npmjs.org/mime-db 181ms (cache miss)
313 silly packumentCache full:https://registry.npmjs.org/mime-db set size:undefined disposed:false
314 silly placeDep ROOT bytes@3.1.2 OK for: body-parser@1.20.6 want: ~3.1.2
315 silly placeDep ROOT destroy@1.2.0 OK for: body-parser@1.20.6 want: ~1.2.0
316 silly placeDep ROOT iconv-lite@0.4.24 OK for: body-parser@1.20.6 want: ~0.4.24
317 silly placeDep ROOT raw-body@2.5.3 OK for: body-parser@1.20.6 want: ~2.5.3
318 silly placeDep ROOT unpipe@1.0.0 OK for: body-parser@1.20.6 want: ~1.0.0
319 silly fetch manifest safer-buffer@>= 2.1.2 < 3
320 silly packumentCache full:https://registry.npmjs.org/safer-buffer cache-miss
321 http fetch GET 200 https://registry.npmjs.org/safer-buffer 156ms (cache miss)
322 silly packumentCache full:https://registry.npmjs.org/safer-buffer set size:undefined disposed:false
323 silly placeDep ROOT ms@2.0.0 OK for: debug@2.6.9 want: 2.0.0
324 silly placeDep ROOT inherits@2.0.4 OK for: http-errors@2.0.1 want: ~2.0.4
325 silly placeDep ROOT toidentifier@1.0.1 OK for: http-errors@2.0.1 want: ~1.0.1
326 silly placeDep ROOT safer-buffer@2.1.2 OK for: iconv-lite@0.4.24 want: >= 2.1.2 < 3
327 silly placeDep ROOT mime-db@1.52.0 OK for: mime-types@2.1.35 want: 1.52.0
328 silly placeDep ROOT ee-first@1.1.1 OK for: on-finished@2.4.1 want: 1.1.1
329 silly placeDep ROOT forwarded@0.2.0 OK for: proxy-addr@2.0.7 want: 0.2.0
330 silly placeDep ROOT ipaddr.js@1.9.1 OK for: proxy-addr@2.0.7 want: 1.9.1
331 silly placeDep ROOT es-define-property@1.0.1 OK for: qs@6.15.3 want: ^1.0.1
332 silly placeDep ROOT side-channel@1.1.1 OK for: qs@6.15.3 want: ^1.1.1
333 silly fetch manifest es-errors@^1.3.0
334 silly packumentCache full:https://registry.npmjs.org/es-errors cache-miss
335 silly fetch manifest object-inspect@^1.13.4
336 silly packumentCache full:https://registry.npmjs.org/object-inspect cache-miss
337 silly fetch manifest side-channel-list@^1.0.1
338 silly packumentCache full:https://registry.npmjs.org/side-channel-list cache-miss
339 silly fetch manifest side-channel-map@^1.0.1
340 silly packumentCache full:https://registry.npmjs.org/side-channel-map cache-miss
341 silly fetch manifest side-channel-weakmap@^1.0.2
342 silly packumentCache full:https://registry.npmjs.org/side-channel-weakmap cache-miss
343 http fetch GET 200 https://registry.npmjs.org/es-errors 179ms (cache miss)
344 silly packumentCache full:https://registry.npmjs.org/es-errors set size:undefined disposed:false
345 http fetch GET 200 https://registry.npmjs.org/side-channel-list 213ms (cache miss)
346 silly packumentCache full:https://registry.npmjs.org/side-channel-list set size:undefined disposed:false
347 http fetch GET 200 https://registry.npmjs.org/object-inspect 249ms (cache miss)
348 silly packumentCache full:https://registry.npmjs.org/object-inspect set size:undefined disposed:false
349 http fetch GET 200 https://registry.npmjs.org/side-channel-map 260ms (cache miss)
350 silly packumentCache full:https://registry.npmjs.org/side-channel-map set size:undefined disposed:false
351 http fetch GET 200 https://registry.npmjs.org/side-channel-weakmap 262ms (cache miss)
352 silly packumentCache full:https://registry.npmjs.org/side-channel-weakmap set size:undefined disposed:false
353 silly placeDep ROOT mime@1.6.0 OK for: send@0.19.2 want: 1.6.0
354 silly placeDep node_modules/send ms@2.1.3 OK for: send@0.19.2 want: 2.1.3
355 silly placeDep ROOT es-errors@1.3.0 OK for: side-channel@1.1.1 want: ^1.3.0
356 silly placeDep ROOT object-inspect@1.13.4 OK for: side-channel@1.1.1 want: ^1.13.4
357 silly placeDep ROOT side-channel-list@1.0.1 OK for: side-channel@1.1.1 want: ^1.0.1
358 silly placeDep ROOT side-channel-map@1.0.1 OK for: side-channel@1.1.1 want: ^1.0.1
359 silly placeDep ROOT side-channel-weakmap@1.0.2 OK for: side-channel@1.1.1 want: ^1.0.2
360 silly fetch manifest call-bound@^1.0.2
361 silly packumentCache full:https://registry.npmjs.org/call-bound cache-miss
362 silly fetch manifest get-intrinsic@^1.2.5
363 silly packumentCache full:https://registry.npmjs.org/get-intrinsic cache-miss
364 silly fetch manifest call-bound@^1.0.2
365 silly packumentCache full:https://registry.npmjs.org/call-bound cache-miss
366 silly fetch manifest get-intrinsic@^1.2.5
367 silly packumentCache full:https://registry.npmjs.org/get-intrinsic cache-miss
368 http fetch GET 200 https://registry.npmjs.org/call-bound 296ms (cache miss)
369 silly packumentCache full:https://registry.npmjs.org/call-bound set size:undefined disposed:false
370 http fetch GET 200 https://registry.npmjs.org/get-intrinsic 309ms (cache miss)
371 silly packumentCache full:https://registry.npmjs.org/get-intrinsic set size:undefined disposed:false
372 http fetch GET 200 https://registry.npmjs.org/call-bound 336ms (cache miss)
373 silly packumentCache full:https://registry.npmjs.org/call-bound set size:undefined disposed:false
374 http fetch GET 200 https://registry.npmjs.org/get-intrinsic 367ms (cache miss)
375 silly packumentCache full:https://registry.npmjs.org/get-intrinsic set size:undefined disposed:false
376 silly placeDep ROOT call-bound@1.0.4 OK for: side-channel-map@1.0.1 want: ^1.0.2
377 silly placeDep ROOT get-intrinsic@1.3.0 OK for: side-channel-map@1.0.1 want: ^1.2.5
378 silly fetch manifest call-bind-apply-helpers@^1.0.2
379 silly packumentCache full:https://registry.npmjs.org/call-bind-apply-helpers cache-miss
380 silly fetch manifest get-intrinsic@^1.3.0
381 silly packumentCache full:https://registry.npmjs.org/get-intrinsic cache-miss
382 silly fetch manifest gopd@^1.2.0
383 silly packumentCache full:https://registry.npmjs.org/gopd cache-miss
384 silly fetch manifest hasown@^2.0.2
385 silly packumentCache full:https://registry.npmjs.org/hasown cache-miss
386 silly fetch manifest get-proto@^1.0.1
387 silly packumentCache full:https://registry.npmjs.org/get-proto cache-miss
388 silly fetch manifest has-symbols@^1.1.0
389 silly packumentCache full:https://registry.npmjs.org/has-symbols cache-miss
390 silly fetch manifest function-bind@^1.1.2
391 silly packumentCache full:https://registry.npmjs.org/function-bind cache-miss
392 http cache https://registry.npmjs.org/get-intrinsic 69ms (cache hit)
393 silly packumentCache full:https://registry.npmjs.org/get-intrinsic set size:60985 disposed:false
394 silly fetch manifest es-object-atoms@^1.1.1
395 silly packumentCache full:https://registry.npmjs.org/es-object-atoms cache-miss
396 http fetch GET 200 https://registry.npmjs.org/call-bind-apply-helpers 190ms (cache miss)
397 silly packumentCache full:https://registry.npmjs.org/call-bind-apply-helpers set size:undefined disposed:false
398 silly fetch manifest math-intrinsics@^1.1.0
399 silly packumentCache full:https://registry.npmjs.org/math-intrinsics cache-miss
400 http fetch GET 200 https://registry.npmjs.org/gopd 222ms (cache miss)
401 silly packumentCache full:https://registry.npmjs.org/gopd set size:undefined disposed:false
402 http fetch GET 200 https://registry.npmjs.org/hasown 229ms (cache miss)
403 silly packumentCache full:https://registry.npmjs.org/hasown set size:undefined disposed:false
404 http fetch GET 200 https://registry.npmjs.org/get-proto 236ms (cache miss)
405 silly packumentCache full:https://registry.npmjs.org/get-proto set size:undefined disposed:false
406 http fetch GET 200 https://registry.npmjs.org/has-symbols 275ms (cache miss)
407 silly packumentCache full:https://registry.npmjs.org/has-symbols set size:undefined disposed:false
408 http fetch GET 200 https://registry.npmjs.org/math-intrinsics 488ms (cache miss)
409 silly packumentCache full:https://registry.npmjs.org/math-intrinsics set size:undefined disposed:false
410 http fetch GET 200 https://registry.npmjs.org/es-object-atoms 790ms (cache miss)
411 silly packumentCache full:https://registry.npmjs.org/es-object-atoms set size:undefined disposed:false
412 http fetch GET 200 https://registry.npmjs.org/function-bind 870ms (cache miss)
413 silly packumentCache full:https://registry.npmjs.org/function-bind set size:undefined disposed:false
414 silly placeDep ROOT call-bind-apply-helpers@1.0.2 OK for: call-bound@1.0.4 want: ^1.0.2
415 silly placeDep ROOT function-bind@1.1.2 OK for: call-bind-apply-helpers@1.0.2 want: ^1.1.2
416 silly placeDep ROOT es-object-atoms@1.1.2 OK for: get-intrinsic@1.3.0 want: ^1.1.1
417 silly placeDep ROOT get-proto@1.0.1 OK for: get-intrinsic@1.3.0 want: ^1.0.1
418 silly placeDep ROOT gopd@1.2.0 OK for: get-intrinsic@1.3.0 want: ^1.2.0
419 silly placeDep ROOT has-symbols@1.1.0 OK for: get-intrinsic@1.3.0 want: ^1.1.0
420 silly placeDep ROOT hasown@2.0.4 OK for: get-intrinsic@1.3.0 want: ^2.0.2
421 silly placeDep ROOT math-intrinsics@1.1.0 OK for: get-intrinsic@1.3.0 want: ^1.1.0
422 silly fetch manifest dunder-proto@^1.0.1
423 silly packumentCache full:https://registry.npmjs.org/dunder-proto cache-miss
424 http fetch GET 200 https://registry.npmjs.org/dunder-proto 166ms (cache miss)
425 silly packumentCache full:https://registry.npmjs.org/dunder-proto set size:undefined disposed:false
426 silly placeDep ROOT dunder-proto@1.0.1 OK for: get-proto@1.0.1 want: ^1.0.1
427 silly placeDep ROOT base64id@2.0.0 OK for: socket.io@4.8.3 want: ~2.0.0
428 silly placeDep ROOT cors@2.8.6 OK for: socket.io@4.8.3 want: ~2.8.5
429 silly placeDep node_modules/socket.io debug@4.4.3 OK for: socket.io@4.8.3 want: ~4.4.1
430 silly placeDep ROOT engine.io@6.6.9 OK for: socket.io@4.8.3 want: ~6.6.0
431 silly placeDep ROOT socket.io-adapter@2.5.8 OK for: socket.io@4.8.3 want: ~2.5.2
432 silly placeDep ROOT socket.io-parser@4.2.7 OK for: socket.io@4.8.3 want: ~4.2.4
433 silly fetch manifest object-assign@^4
434 silly packumentCache full:https://registry.npmjs.org/object-assign cache-miss
435 silly fetch manifest ms@^2.1.3
436 silly packumentCache full:https://registry.npmjs.org/ms cache-hit
437 silly fetch manifest ws@~8.21.0
438 silly packumentCache full:https://registry.npmjs.org/ws cache-miss
439 silly fetch manifest @types/ws@^8.5.12
440 silly packumentCache full:https://registry.npmjs.org/@types%2fws cache-miss
441 silly fetch manifest @types/cors@^2.8.12
442 silly packumentCache full:https://registry.npmjs.org/@types%2fcors cache-miss
443 silly fetch manifest @types/node@>=10.0.0
444 silly packumentCache full:https://registry.npmjs.org/@types%2fnode cache-miss
445 silly fetch manifest engine.io-parser@~5.2.1
446 silly packumentCache full:https://registry.npmjs.org/engine.io-parser cache-miss
447 silly fetch manifest ws@~8.21.0
448 silly packumentCache full:https://registry.npmjs.org/ws cache-miss
449 http fetch GET 200 https://registry.npmjs.org/object-assign 207ms (cache miss)
450 silly packumentCache full:https://registry.npmjs.org/object-assign set size:undefined disposed:false
451 silly fetch manifest @socket.io/component-emitter@~3.1.0
452 silly packumentCache full:https://registry.npmjs.org/@socket.io%2fcomponent-emitter cache-miss
453 http fetch GET 200 https://registry.npmjs.org/@types%2fws 407ms (cache miss)
454 silly packumentCache full:https://registry.npmjs.org/@types%2fws set size:undefined disposed:false
455 http fetch GET 200 https://registry.npmjs.org/@types%2fcors 474ms (cache miss)
456 silly packumentCache full:https://registry.npmjs.org/@types%2fcors set size:undefined disposed:false
457 http fetch GET 200 https://registry.npmjs.org/engine.io-parser 492ms (cache miss)
458 silly packumentCache full:https://registry.npmjs.org/engine.io-parser set size:undefined disposed:false
459 http fetch GET 200 https://registry.npmjs.org/ws 1141ms (cache miss)
460 silly packumentCache full:https://registry.npmjs.org/ws set size:undefined disposed:false
461 http fetch GET 200 https://registry.npmjs.org/ws 2709ms (cache miss)
462 silly packumentCache full:https://registry.npmjs.org/ws set size:undefined disposed:false
463 http fetch GET 200 https://registry.npmjs.org/@socket.io%2fcomponent-emitter 4280ms (cache miss)
464 silly packumentCache full:https://registry.npmjs.org/@socket.io%2fcomponent-emitter set size:undefined disposed:false
465 http fetch GET 200 https://registry.npmjs.org/@types%2fnode 4866ms (cache miss)
466 silly packumentCache full:https://registry.npmjs.org/@types%2fnode set size:undefined disposed:false
467 silly placeDep ROOT object-assign@4.1.1 OK for: cors@2.8.6 want: ^4
468 silly fetch manifest bufferutil@^4.0.1
469 silly packumentCache full:https://registry.npmjs.org/bufferutil cache-miss
470 http fetch GET 200 https://registry.npmjs.org/bufferutil 208ms (cache miss)
471 silly packumentCache full:https://registry.npmjs.org/bufferutil set size:undefined disposed:false
472 silly fetch manifest utf-8-validate@>=5.0.2
473 silly packumentCache full:https://registry.npmjs.org/utf-8-validate cache-miss
474 http fetch GET 200 https://registry.npmjs.org/utf-8-validate 309ms (cache miss)
475 silly packumentCache full:https://registry.npmjs.org/utf-8-validate set size:undefined disposed:false
476 silly placeDep ROOT @types/cors@2.8.19 OK for: engine.io@6.6.9 want: ^2.8.12
477 silly placeDep ROOT @types/node@26.1.2 OK for: engine.io@6.6.9 want: >=10.0.0
478 silly placeDep ROOT @types/ws@8.18.1 OK for: engine.io@6.6.9 want: ^8.5.12
479 silly placeDep node_modules/engine.io debug@4.4.3 OK for: engine.io@6.6.9 want: ~4.4.1
480 silly placeDep ROOT engine.io-parser@5.2.3 OK for: engine.io@6.6.9 want: ~5.2.1
481 silly placeDep ROOT ws@8.21.2 OK for: engine.io@6.6.9 want: ~8.21.0
482 silly fetch manifest @types/node@*
483 silly packumentCache full:https://registry.npmjs.org/@types%2fnode cache-miss
484 silly fetch manifest undici-types@~8.3.0
485 silly packumentCache full:https://registry.npmjs.org/undici-types cache-miss
486 http cache https://registry.npmjs.org/@types%2fnode 86ms (cache hit)
487 silly packumentCache full:https://registry.npmjs.org/@types%2fnode set size:11084776 disposed:false
488 http fetch GET 200 https://registry.npmjs.org/undici-types 640ms (cache miss)
489 silly packumentCache full:https://registry.npmjs.org/undici-types set size:undefined disposed:false
490 silly placeDep ROOT undici-types@8.3.0 OK for: @types/node@26.1.2 want: ~8.3.0
491 silly placeDep node_modules/socket.io-adapter debug@4.4.3 OK for: socket.io-adapter@2.5.8 want: ~4.4.1
492 silly placeDep ROOT @socket.io/component-emitter@3.1.2 OK for: socket.io-parser@4.2.7 want: ~3.1.0
493 silly placeDep node_modules/socket.io-parser debug@4.4.3 OK for: socket.io-parser@4.2.7 want: ~4.4.1
494 silly placeDep ROOT media-typer@0.3.0 OK for: type-is@1.6.18 want: 0.3.0
495 silly placeDep node_modules/engine.io ms@2.1.3 OK for: debug@4.4.3 want: ^2.1.3
496 silly placeDep node_modules/socket.io-adapter ms@2.1.3 OK for: debug@4.4.3 want: ^2.1.3
497 silly placeDep node_modules/socket.io-parser ms@2.1.3 OK for: debug@4.4.3 want: ^2.1.3
498 silly placeDep node_modules/socket.io ms@2.1.3 OK for: debug@4.4.3 want: ^2.1.3
499 silly reify moves {}
500 silly audit bulk request {
500 silly audit   express: [ '4.22.2' ],
500 silly audit   'socket.io': [ '4.8.3' ],
500 silly audit   accepts: [ '1.3.8' ],
500 silly audit   'array-flatten': [ '1.1.1' ],
500 silly audit   'body-parser': [ '1.20.6' ],
500 silly audit   'content-disposition': [ '0.5.4' ],
500 silly audit   'content-type': [ '1.0.5' ],
500 silly audit   cookie: [ '0.7.2' ],
500 silly audit   'cookie-signature': [ '1.0.7' ],
500 silly audit   debug: [ '2.6.9', '4.4.3' ],
500 silly audit   depd: [ '2.0.0' ],
500 silly audit   encodeurl: [ '2.0.0' ],
500 silly audit   'escape-html': [ '1.0.3' ],
500 silly audit   etag: [ '1.8.1' ],
500 silly audit   finalhandler: [ '1.3.2' ],
500 silly audit   fresh: [ '0.5.2' ],
500 silly audit   'http-errors': [ '2.0.1' ],
500 silly audit   'merge-descriptors': [ '1.0.3' ],
500 silly audit   methods: [ '1.1.2' ],
500 silly audit   'on-finished': [ '2.4.1' ],
500 silly audit   parseurl: [ '1.3.3' ],
500 silly audit   'path-to-regexp': [ '0.1.13' ],
500 silly audit   'proxy-addr': [ '2.0.7' ],
500 silly audit   qs: [ '6.15.3' ],
500 silly audit   'range-parser': [ '1.2.1' ],
500 silly audit   'safe-buffer': [ '5.2.1' ],
500 silly audit   send: [ '0.19.2' ],
500 silly audit   'serve-static': [ '1.16.3' ],
500 silly audit   setprototypeof: [ '1.2.0' ],
500 silly audit   statuses: [ '2.0.2' ],
500 silly audit   'type-is': [ '1.6.18' ],
500 silly audit   'utils-merge': [ '1.0.1' ],
500 silly audit   vary: [ '1.1.2' ],
500 silly audit   'mime-types': [ '2.1.35' ],
500 silly audit   negotiator: [ '0.6.3' ],
500 silly audit   bytes: [ '3.1.2' ],
500 silly audit   destroy: [ '1.2.0' ],
500 silly audit   'iconv-lite': [ '0.4.24' ],
500 silly audit   'raw-body': [ '2.5.3' ],
500 silly audit   unpipe: [ '1.0.0' ],
500 silly audit   ms: [ '2.0.0', '2.1.3' ],
500 silly audit   inherits: [ '2.0.4' ],
500 silly audit   toidentifier: [ '1.0.1' ],
500 silly audit   'safer-buffer': [ '2.1.2' ],
500 silly audit   'mime-db': [ '1.52.0' ],
500 silly audit   'ee-first': [ '1.1.1' ],
500 silly audit   forwarded: [ '0.2.0' ],
500 silly audit   'ipaddr.js': [ '1.9.1' ],
500 silly audit   'es-define-property': [ '1.0.1' ],
500 silly audit   'side-channel': [ '1.1.1' ],
500 silly audit   mime: [ '1.6.0' ],
500 silly audit   'es-errors': [ '1.3.0' ],
500 silly audit   'object-inspect': [ '1.13.4' ],
500 silly audit   'side-channel-list': [ '1.0.1' ],
500 silly audit   'side-channel-map': [ '1.0.1' ],
500 silly audit   'side-channel-weakmap': [ '1.0.2' ],
500 silly audit   'call-bound': [ '1.0.4' ],
500 silly audit   'get-intrinsic': [ '1.3.0' ],
500 silly audit   'call-bind-apply-helpers': [ '1.0.2' ],
500 silly audit   'function-bind': [ '1.1.2' ],
500 silly audit   'es-object-atoms': [ '1.1.2' ],
500 silly audit   'get-proto': [ '1.0.1' ],
500 silly audit   gopd: [ '1.2.0' ],
500 silly audit   'has-symbols': [ '1.1.0' ],
500 silly audit   hasown: [ '2.0.4' ],
500 silly audit   'math-intrinsics': [ '1.1.0' ],
500 silly audit   'dunder-proto': [ '1.0.1' ],
500 silly audit   base64id: [ '2.0.0' ],
500 silly audit   cors: [ '2.8.6' ],
500 silly audit   'engine.io': [ '6.6.9' ],
500 silly audit   'socket.io-adapter': [ '2.5.8' ],
500 silly audit   'socket.io-parser': [ '4.2.7' ],
500 silly audit   'object-assign': [ '4.1.1' ],
500 silly audit   '@types/cors': [ '2.8.19' ],
500 silly audit   '@types/node': [ '26.1.2' ],
500 silly audit   '@types/ws': [ '8.18.1' ],
500 silly audit   'engine.io-parser': [ '5.2.3' ],
500 silly audit   ws: [ '8.21.2' ],
500 silly audit   'undici-types': [ '8.3.0' ],
500 silly audit   '@socket.io/component-emitter': [ '3.1.2' ],
500 silly audit   'media-typer': [ '0.3.0' ]
500 silly audit }
501 http cache media-typer@https://registry.npmjs.org/media-typer/-/media-typer-0.3.0.tgz 0ms (cache hit)
502 http cache @socket.io/component-emitter@https://registry.npmjs.org/@socket.io/component-emitter/-/component-emitter-3.1.2.tgz 1ms (cache hit)
503 http cache undici-types@https://registry.npmjs.org/undici-types/-/undici-types-8.3.0.tgz 0ms (cache hit)
504 http cache ws@https://registry.npmjs.org/ws/-/ws-8.21.2.tgz 0ms (cache hit)
505 http cache engine.io-parser@https://registry.npmjs.org/engine.io-parser/-/engine.io-parser-5.2.3.tgz 0ms (cache hit)
506 http cache @types/ws@https://registry.npmjs.org/@types/ws/-/ws-8.18.1.tgz 1ms (cache hit)
507 http cache @types/node@https://registry.npmjs.org/@types/node/-/node-26.1.2.tgz 0ms (cache hit)
508 http cache @types/cors@https://registry.npmjs.org/@types/cors/-/cors-2.8.19.tgz 0ms (cache hit)
509 http cache object-assign@https://registry.npmjs.org/object-assign/-/object-assign-4.1.1.tgz 0ms (cache hit)
510 http cache socket.io-adapter@https://registry.npmjs.org/socket.io-adapter/-/socket.io-adapter-2.5.8.tgz 0ms (cache hit)
511 http cache engine.io@https://registry.npmjs.org/engine.io/-/engine.io-6.6.9.tgz 0ms (cache hit)
512 http cache cors@https://registry.npmjs.org/cors/-/cors-2.8.6.tgz 0ms (cache hit)
513 http cache base64id@https://registry.npmjs.org/base64id/-/base64id-2.0.0.tgz 0ms (cache hit)
514 http cache socket.io-parser@https://registry.npmjs.org/socket.io-parser/-/socket.io-parser-4.2.7.tgz 1ms (cache hit)
515 http cache math-intrinsics@https://registry.npmjs.org/math-intrinsics/-/math-intrinsics-1.1.0.tgz 0ms (cache hit)
516 http cache dunder-proto@https://registry.npmjs.org/dunder-proto/-/dunder-proto-1.0.1.tgz 0ms (cache hit)
517 http cache hasown@https://registry.npmjs.org/hasown/-/hasown-2.0.4.tgz 0ms (cache hit)
518 http cache gopd@https://registry.npmjs.org/gopd/-/gopd-1.2.0.tgz 1ms (cache hit)
519 http cache has-symbols@https://registry.npmjs.org/has-symbols/-/has-symbols-1.1.0.tgz 0ms (cache hit)
520 http cache es-object-atoms@https://registry.npmjs.org/es-object-atoms/-/es-object-atoms-1.1.2.tgz 0ms (cache hit)
521 http cache function-bind@https://registry.npmjs.org/function-bind/-/function-bind-1.1.2.tgz 0ms (cache hit)
522 http cache call-bind-apply-helpers@https://registry.npmjs.org/call-bind-apply-helpers/-/call-bind-apply-helpers-1.0.2.tgz 0ms (cache hit)
523 http cache get-proto@https://registry.npmjs.org/get-proto/-/get-proto-1.0.1.tgz 0ms (cache hit)
524 http cache get-intrinsic@https://registry.npmjs.org/get-intrinsic/-/get-intrinsic-1.3.0.tgz 0ms (cache hit)
525 http cache side-channel-weakmap@https://registry.npmjs.org/side-channel-weakmap/-/side-channel-weakmap-1.0.2.tgz 0ms (cache hit)
526 http cache call-bound@https://registry.npmjs.org/call-bound/-/call-bound-1.0.4.tgz 0ms (cache hit)
527 http cache side-channel-list@https://registry.npmjs.org/side-channel-list/-/side-channel-list-1.0.1.tgz 0ms (cache hit)
528 http cache side-channel-map@https://registry.npmjs.org/side-channel-map/-/side-channel-map-1.0.1.tgz 0ms (cache hit)
529 http cache object-inspect@https://registry.npmjs.org/object-inspect/-/object-inspect-1.13.4.tgz 1ms (cache hit)
530 http cache es-errors@https://registry.npmjs.org/es-errors/-/es-errors-1.3.0.tgz 0ms (cache hit)
531 http cache es-define-property@https://registry.npmjs.org/es-define-property/-/es-define-property-1.0.1.tgz 0ms (cache hit)
532 http cache side-channel@https://registry.npmjs.org/side-channel/-/side-channel-1.1.1.tgz 0ms (cache hit)
533 http cache ipaddr.js@https://registry.npmjs.org/ipaddr.js/-/ipaddr.js-1.9.1.tgz 0ms (cache hit)
534 http cache forwarded@https://registry.npmjs.org/forwarded/-/forwarded-0.2.0.tgz 1ms (cache hit)
535 http cache ee-first@https://registry.npmjs.org/ee-first/-/ee-first-1.1.1.tgz 0ms (cache hit)
536 http cache mime@https://registry.npmjs.org/mime/-/mime-1.6.0.tgz 0ms (cache hit)
537 http cache safer-buffer@https://registry.npmjs.org/safer-buffer/-/safer-buffer-2.1.2.tgz 0ms (cache hit)
538 http cache mime-db@https://registry.npmjs.org/mime-db/-/mime-db-1.52.0.tgz 0ms (cache hit)
539 http cache inherits@https://registry.npmjs.org/inherits/-/inherits-2.0.4.tgz 0ms (cache hit)
540 http cache toidentifier@https://registry.npmjs.org/toidentifier/-/toidentifier-1.0.1.tgz 0ms (cache hit)
541 http cache unpipe@https://registry.npmjs.org/unpipe/-/unpipe-1.0.0.tgz 0ms (cache hit)
542 http cache ms@https://registry.npmjs.org/ms/-/ms-2.0.0.tgz 0ms (cache hit)
543 http cache raw-body@https://registry.npmjs.org/raw-body/-/raw-body-2.5.3.tgz 0ms (cache hit)
544 http cache iconv-lite@https://registry.npmjs.org/iconv-lite/-/iconv-lite-0.4.24.tgz 0ms (cache hit)
545 http cache destroy@https://registry.npmjs.org/destroy/-/destroy-1.2.0.tgz 0ms (cache hit)
546 http cache negotiator@https://registry.npmjs.org/negotiator/-/negotiator-0.6.3.tgz 0ms (cache hit)
547 http cache bytes@https://registry.npmjs.org/bytes/-/bytes-3.1.2.tgz 0ms (cache hit)
548 http cache mime-types@https://registry.npmjs.org/mime-types/-/mime-types-2.1.35.tgz 0ms (cache hit)
549 http cache utils-merge@https://registry.npmjs.org/utils-merge/-/utils-merge-1.0.1.tgz 0ms (cache hit)
550 http cache vary@https://registry.npmjs.org/vary/-/vary-1.1.2.tgz 0ms (cache hit)
551 http cache type-is@https://registry.npmjs.org/type-is/-/type-is-1.6.18.tgz 0ms (cache hit)
552 http cache statuses@https://registry.npmjs.org/statuses/-/statuses-2.0.2.tgz 0ms (cache hit)
553 http cache setprototypeof@https://registry.npmjs.org/setprototypeof/-/setprototypeof-1.2.0.tgz 0ms (cache hit)
554 http cache send@https://registry.npmjs.org/send/-/send-0.19.2.tgz 0ms (cache hit)
555 http cache safe-buffer@https://registry.npmjs.org/safe-buffer/-/safe-buffer-5.2.1.tgz 0ms (cache hit)
556 http cache range-parser@https://registry.npmjs.org/range-parser/-/range-parser-1.2.1.tgz 0ms (cache hit)
557 http cache qs@https://registry.npmjs.org/qs/-/qs-6.15.3.tgz 0ms (cache hit)
558 http cache proxy-addr@https://registry.npmjs.org/proxy-addr/-/proxy-addr-2.0.7.tgz 1ms (cache hit)
559 http cache path-to-regexp@https://registry.npmjs.org/path-to-regexp/-/path-to-regexp-0.1.13.tgz 0ms (cache hit)
560 http cache parseurl@https://registry.npmjs.org/parseurl/-/parseurl-1.3.3.tgz 0ms (cache hit)
561 http cache on-finished@https://registry.npmjs.org/on-finished/-/on-finished-2.4.1.tgz 0ms (cache hit)
562 http cache methods@https://registry.npmjs.org/methods/-/methods-1.1.2.tgz 1ms (cache hit)
563 http cache merge-descriptors@https://registry.npmjs.org/merge-descriptors/-/merge-descriptors-1.0.3.tgz 0ms (cache hit)
564 http cache http-errors@https://registry.npmjs.org/http-errors/-/http-errors-2.0.1.tgz 0ms (cache hit)
565 http cache fresh@https://registry.npmjs.org/fresh/-/fresh-0.5.2.tgz 1ms (cache hit)
566 http cache etag@https://registry.npmjs.org/etag/-/etag-1.8.1.tgz 0ms (cache hit)
567 http cache finalhandler@https://registry.npmjs.org/finalhandler/-/finalhandler-1.3.2.tgz 0ms (cache hit)
568 http cache escape-html@https://registry.npmjs.org/escape-html/-/escape-html-1.0.3.tgz 0ms (cache hit)
569 http cache encodeurl@https://registry.npmjs.org/encodeurl/-/encodeurl-2.0.0.tgz 0ms (cache hit)
570 http cache depd@https://registry.npmjs.org/depd/-/depd-2.0.0.tgz 0ms (cache hit)
571 http cache debug@https://registry.npmjs.org/debug/-/debug-2.6.9.tgz 0ms (cache hit)
572 http cache content-type@https://registry.npmjs.org/content-type/-/content-type-1.0.5.tgz 0ms (cache hit)
573 http cache cookie-signature@https://registry.npmjs.org/cookie-signature/-/cookie-signature-1.0.7.tgz 0ms (cache hit)
574 http cache cookie@https://registry.npmjs.org/cookie/-/cookie-0.7.2.tgz 0ms (cache hit)
575 http cache content-disposition@https://registry.npmjs.org/content-disposition/-/content-disposition-0.5.4.tgz 0ms (cache hit)
576 http cache body-parser@https://registry.npmjs.org/body-parser/-/body-parser-1.20.6.tgz 0ms (cache hit)
577 http cache accepts@https://registry.npmjs.org/accepts/-/accepts-1.3.8.tgz 0ms (cache hit)
578 http cache array-flatten@https://registry.npmjs.org/array-flatten/-/array-flatten-1.1.1.tgz 0ms (cache hit)
579 http cache express@https://registry.npmjs.org/express/-/express-4.22.2.tgz 0ms (cache hit)
580 http cache socket.io@https://registry.npmjs.org/socket.io/-/socket.io-4.8.3.tgz 0ms (cache hit)
581 http cache debug@https://registry.npmjs.org/debug/-/debug-4.4.3.tgz 0ms (cache hit)
582 http cache ms@https://registry.npmjs.org/ms/-/ms-2.1.3.tgz 0ms (cache hit)
583 http cache debug@https://registry.npmjs.org/debug/-/debug-4.4.3.tgz 0ms (cache hit)
584 http cache ms@https://registry.npmjs.org/ms/-/ms-2.1.3.tgz 1ms (cache hit)
585 http cache ms@https://registry.npmjs.org/ms/-/ms-2.1.3.tgz 0ms (cache hit)
586 http cache debug@https://registry.npmjs.org/debug/-/debug-4.4.3.tgz 0ms (cache hit)
587 http cache ms@https://registry.npmjs.org/ms/-/ms-2.1.3.tgz 0ms (cache hit)
588 http cache debug@https://registry.npmjs.org/debug/-/debug-4.4.3.tgz 0ms (cache hit)
589 http cache ms@https://registry.npmjs.org/ms/-/ms-2.1.3.tgz 0ms (cache hit)
590 http cache serve-static@https://registry.npmjs.org/serve-static/-/serve-static-1.16.3.tgz 0ms (cache hit)
591 silly tarball no local data for media-typer@https://registry.npmjs.org/media-typer/-/media-typer-0.3.0.tgz. Extracting by manifest.
592 silly tarball no local data for @socket.io/component-emitter@https://registry.npmjs.org/@socket.io/component-emitter/-/component-emitter-3.1.2.tgz. Extracting by manifest.
593 silly tarball no local data for undici-types@https://registry.npmjs.org/undici-types/-/undici-types-8.3.0.tgz. Extracting by manifest.
594 silly tarball no local data for ws@https://registry.npmjs.org/ws/-/ws-8.21.2.tgz. Extracting by manifest.
595 silly tarball no local data for engine.io-parser@https://registry.npmjs.org/engine.io-parser/-/engine.io-parser-5.2.3.tgz. Extracting by manifest.
596 silly tarball no local data for @types/ws@https://registry.npmjs.org/@types/ws/-/ws-8.18.1.tgz. Extracting by manifest.
597 silly tarball no local data for @types/node@https://registry.npmjs.org/@types/node/-/node-26.1.2.tgz. Extracting by manifest.
598 silly tarball no local data for @types/cors@https://registry.npmjs.org/@types/cors/-/cors-2.8.19.tgz. Extracting by manifest.
599 silly tarball no local data for object-assign@https://registry.npmjs.org/object-assign/-/object-assign-4.1.1.tgz. Extracting by manifest.
600 silly tarball no local data for socket.io-adapter@https://registry.npmjs.org/socket.io-adapter/-/socket.io-adapter-2.5.8.tgz. Extracting by manifest.
601 silly tarball no local data for engine.io@https://registry.npmjs.org/engine.io/-/engine.io-6.6.9.tgz. Extracting by manifest.
602 silly tarball no local data for cors@https://registry.npmjs.org/cors/-/cors-2.8.6.tgz. Extracting by manifest.
603 silly tarball no local data for base64id@https://registry.npmjs.org/base64id/-/base64id-2.0.0.tgz. Extracting by manifest.
604 silly tarball no local data for socket.io-parser@https://registry.npmjs.org/socket.io-parser/-/socket.io-parser-4.2.7.tgz. Extracting by manifest.
605 silly tarball no local data for math-intrinsics@https://registry.npmjs.org/math-intrinsics/-/math-intrinsics-1.1.0.tgz. Extracting by manifest.
606 silly tarball no local data for dunder-proto@https://registry.npmjs.org/dunder-proto/-/dunder-proto-1.0.1.tgz. Extracting by manifest.
607 silly tarball no local data for hasown@https://registry.npmjs.org/hasown/-/hasown-2.0.4.tgz. Extracting by manifest.
608 silly tarball no local data for gopd@https://registry.npmjs.org/gopd/-/gopd-1.2.0.tgz. Extracting by manifest.
609 silly tarball no local data for has-symbols@https://registry.npmjs.org/has-symbols/-/has-symbols-1.1.0.tgz. Extracting by manifest.
610 silly tarball no local data for es-object-atoms@https://registry.npmjs.org/es-object-atoms/-/es-object-atoms-1.1.2.tgz. Extracting by manifest.
611 silly tarball no local data for function-bind@https://registry.npmjs.org/function-bind/-/function-bind-1.1.2.tgz. Extracting by manifest.
612 silly tarball no local data for call-bind-apply-helpers@https://registry.npmjs.org/call-bind-apply-helpers/-/call-bind-apply-helpers-1.0.2.tgz. Extracting by manifest.
613 silly tarball no local data for get-proto@https://registry.npmjs.org/get-proto/-/get-proto-1.0.1.tgz. Extracting by manifest.
614 silly tarball no local data for get-intrinsic@https://registry.npmjs.org/get-intrinsic/-/get-intrinsic-1.3.0.tgz. Extracting by manifest.
615 silly tarball no local data for side-channel-weakmap@https://registry.npmjs.org/side-channel-weakmap/-/side-channel-weakmap-1.0.2.tgz. Extracting by manifest.
616 silly tarball no local data for call-bound@https://registry.npmjs.org/call-bound/-/call-bound-1.0.4.tgz. Extracting by manifest.
617 silly tarball no local data for side-channel-list@https://registry.npmjs.org/side-channel-list/-/side-channel-list-1.0.1.tgz. Extracting by manifest.
618 silly tarball no local data for side-channel-map@https://registry.npmjs.org/side-channel-map/-/side-channel-map-1.0.1.tgz. Extracting by manifest.
619 silly tarball no local data for object-inspect@https://registry.npmjs.org/object-inspect/-/object-inspect-1.13.4.tgz. Extracting by manifest.
620 silly tarball no local data for es-errors@https://registry.npmjs.org/es-errors/-/es-errors-1.3.0.tgz. Extracting by manifest.
621 silly tarball no local data for es-define-property@https://registry.npmjs.org/es-define-property/-/es-define-property-1.0.1.tgz. Extracting by manifest.
622 silly tarball no local data for side-channel@https://registry.npmjs.org/side-channel/-/side-channel-1.1.1.tgz. Extracting by manifest.
623 silly tarball no local data for ipaddr.js@https://registry.npmjs.org/ipaddr.js/-/ipaddr.js-1.9.1.tgz. Extracting by manifest.
624 silly tarball no local data for forwarded@https://registry.npmjs.org/forwarded/-/forwarded-0.2.0.tgz. Extracting by manifest.
625 silly tarball no local data for ee-first@https://registry.npmjs.org/ee-first/-/ee-first-1.1.1.tgz. Extracting by manifest.
626 silly tarball no local data for mime@https://registry.npmjs.org/mime/-/mime-1.6.0.tgz. Extracting by manifest.
627 silly tarball no local data for safer-buffer@https://registry.npmjs.org/safer-buffer/-/safer-buffer-2.1.2.tgz. Extracting by manifest.
628 silly tarball no local data for mime-db@https://registry.npmjs.org/mime-db/-/mime-db-1.52.0.tgz. Extracting by manifest.
629 silly tarball no local data for inherits@https://registry.npmjs.org/inherits/-/inherits-2.0.4.tgz. Extracting by manifest.
630 silly tarball no local data for toidentifier@https://registry.npmjs.org/toidentifier/-/toidentifier-1.0.1.tgz. Extracting by manifest.
631 silly tarball no local data for unpipe@https://registry.npmjs.org/unpipe/-/unpipe-1.0.0.tgz. Extracting by manifest.
632 silly tarball no local data for ms@https://registry.npmjs.org/ms/-/ms-2.0.0.tgz. Extracting by manifest.
633 silly tarball no local data for raw-body@https://registry.npmjs.org/raw-body/-/raw-body-2.5.3.tgz. Extracting by manifest.
634 silly tarball no local data for iconv-lite@https://registry.npmjs.org/iconv-lite/-/iconv-lite-0.4.24.tgz. Extracting by manifest.
635 silly tarball no local data for destroy@https://registry.npmjs.org/destroy/-/destroy-1.2.0.tgz. Extracting by manifest.
636 silly tarball no local data for negotiator@https://registry.npmjs.org/negotiator/-/negotiator-0.6.3.tgz. Extracting by manifest.
637 silly tarball no local data for bytes@https://registry.npmjs.org/bytes/-/bytes-3.1.2.tgz. Extracting by manifest.
638 silly tarball no local data for mime-types@https://registry.npmjs.org/mime-types/-/mime-types-2.1.35.tgz. Extracting by manifest.
639 silly tarball no local data for utils-merge@https://registry.npmjs.org/utils-merge/-/utils-merge-1.0.1.tgz. Extracting by manifest.
640 silly tarball no local data for vary@https://registry.npmjs.org/vary/-/vary-1.1.2.tgz. Extracting by manifest.
641 silly tarball no local data for type-is@https://registry.npmjs.org/type-is/-/type-is-1.6.18.tgz. Extracting by manifest.
642 silly tarball no local data for statuses@https://registry.npmjs.org/statuses/-/statuses-2.0.2.tgz. Extracting by manifest.
643 silly tarball no local data for setprototypeof@https://registry.npmjs.org/setprototypeof/-/setprototypeof-1.2.0.tgz. Extracting by manifest.
644 silly tarball no local data for send@https://registry.npmjs.org/send/-/send-0.19.2.tgz. Extracting by manifest.
645 silly tarball no local data for safe-buffer@https://registry.npmjs.org/safe-buffer/-/safe-buffer-5.2.1.tgz. Extracting by manifest.
646 silly tarball no local data for range-parser@https://registry.npmjs.org/range-parser/-/range-parser-1.2.1.tgz. Extracting by manifest.
647 silly tarball no local data for qs@https://registry.npmjs.org/qs/-/qs-6.15.3.tgz. Extracting by manifest.
648 silly tarball no local data for proxy-addr@https://registry.npmjs.org/proxy-addr/-/proxy-addr-2.0.7.tgz. Extracting by manifest.
649 silly tarball no local data for path-to-regexp@https://registry.npmjs.org/path-to-regexp/-/path-to-regexp-0.1.13.tgz. Extracting by manifest.
650 silly tarball no local data for parseurl@https://registry.npmjs.org/parseurl/-/parseurl-1.3.3.tgz. Extracting by manifest.
651 silly tarball no local data for on-finished@https://registry.npmjs.org/on-finished/-/on-finished-2.4.1.tgz. Extracting by manifest.
652 silly tarball no local data for methods@https://registry.npmjs.org/methods/-/methods-1.1.2.tgz. Extracting by manifest.
653 silly tarball no local data for merge-descriptors@https://registry.npmjs.org/merge-descriptors/-/merge-descriptors-1.0.3.tgz. Extracting by manifest.
654 silly tarball no local data for http-errors@https://registry.npmjs.org/http-errors/-/http-errors-2.0.1.tgz. Extracting by manifest.
655 silly tarball no local data for fresh@https://registry.npmjs.org/fresh/-/fresh-0.5.2.tgz. Extracting by manifest.
656 silly tarball no local data for etag@https://registry.npmjs.org/etag/-/etag-1.8.1.tgz. Extracting by manifest.
657 silly tarball no local data for finalhandler@https://registry.npmjs.org/finalhandler/-/finalhandler-1.3.2.tgz. Extracting by manifest.
658 silly tarball no local data for escape-html@https://registry.npmjs.org/escape-html/-/escape-html-1.0.3.tgz. Extracting by manifest.
659 silly tarball no local data for encodeurl@https://registry.npmjs.org/encodeurl/-/encodeurl-2.0.0.tgz. Extracting by manifest.
660 silly tarball no local data for depd@https://registry.npmjs.org/depd/-/depd-2.0.0.tgz. Extracting by manifest.
661 silly tarball no local data for debug@https://registry.npmjs.org/debug/-/debug-2.6.9.tgz. Extracting by manifest.
662 silly tarball no local data for content-type@https://registry.npmjs.org/content-type/-/content-type-1.0.5.tgz. Extracting by manifest.
663 silly tarball no local data for cookie-signature@https://registry.npmjs.org/cookie-signature/-/cookie-signature-1.0.7.tgz. Extracting by manifest.
664 silly tarball no local data for cookie@https://registry.npmjs.org/cookie/-/cookie-0.7.2.tgz. Extracting by manifest.
665 silly tarball no local data for content-disposition@https://registry.npmjs.org/content-disposition/-/content-disposition-0.5.4.tgz. Extracting by manifest.
666 silly tarball no local data for body-parser@https://registry.npmjs.org/body-parser/-/body-parser-1.20.6.tgz. Extracting by manifest.
667 silly tarball no local data for accepts@https://registry.npmjs.org/accepts/-/accepts-1.3.8.tgz. Extracting by manifest.
668 silly tarball no local data for array-flatten@https://registry.npmjs.org/array-flatten/-/array-flatten-1.1.1.tgz. Extracting by manifest.
669 silly tarball no local data for express@https://registry.npmjs.org/express/-/express-4.22.2.tgz. Extracting by manifest.
670 silly tarball no local data for socket.io@https://registry.npmjs.org/socket.io/-/socket.io-4.8.3.tgz. Extracting by manifest.
671 silly tarball no local data for debug@https://registry.npmjs.org/debug/-/debug-4.4.3.tgz. Extracting by manifest.
672 silly tarball no local data for ms@https://registry.npmjs.org/ms/-/ms-2.1.3.tgz. Extracting by manifest.
673 silly tarball no local data for debug@https://registry.npmjs.org/debug/-/debug-4.4.3.tgz. Extracting by manifest.
674 silly tarball no local data for ms@https://registry.npmjs.org/ms/-/ms-2.1.3.tgz. Extracting by manifest.
675 silly tarball no local data for ms@https://registry.npmjs.org/ms/-/ms-2.1.3.tgz. Extracting by manifest.
676 silly tarball no local data for debug@https://registry.npmjs.org/debug/-/debug-4.4.3.tgz. Extracting by manifest.
677 silly tarball no local data for ms@https://registry.npmjs.org/ms/-/ms-2.1.3.tgz. Extracting by manifest.
678 silly tarball no local data for debug@https://registry.npmjs.org/debug/-/debug-4.4.3.tgz. Extracting by manifest.
679 silly tarball no local data for ms@https://registry.npmjs.org/ms/-/ms-2.1.3.tgz. Extracting by manifest.
680 silly tarball no local data for serve-static@https://registry.npmjs.org/serve-static/-/serve-static-1.16.3.tgz. Extracting by manifest.
681 http fetch POST 200 https://registry.npmjs.org/-/npm/v1/security/advisories/bulk 1107ms
682 silly audit report {}
683 http fetch GET 200 https://registry.npmjs.org/media-typer/-/media-typer-0.3.0.tgz 733ms (cache miss)
684 http fetch GET 200 https://registry.npmjs.org/ws/-/ws-8.21.2.tgz 853ms (cache miss)
685 http fetch GET 200 https://registry.npmjs.org/math-intrinsics/-/math-intrinsics-1.1.0.tgz 875ms (cache miss)
686 http fetch GET 200 https://registry.npmjs.org/dunder-proto/-/dunder-proto-1.0.1.tgz 985ms (cache miss)
687 http fetch GET 200 https://registry.npmjs.org/gopd/-/gopd-1.2.0.tgz 1305ms (cache miss)
688 http fetch GET 200 https://registry.npmjs.org/@types/ws/-/ws-8.18.1.tgz 1456ms (cache miss)
689 http fetch GET 200 https://registry.npmjs.org/undici-types/-/undici-types-8.3.0.tgz 1476ms (cache miss)
690 http fetch GET 200 https://registry.npmjs.org/@socket.io/component-emitter/-/component-emitter-3.1.2.tgz 1794ms (cache miss)
691 http fetch GET 200 https://registry.npmjs.org/function-bind/-/function-bind-1.1.2.tgz 1840ms (cache miss)
692 http fetch GET 200 https://registry.npmjs.org/call-bind-apply-helpers/-/call-bind-apply-helpers-1.0.2.tgz 1911ms (cache miss)
693 http fetch GET 200 https://registry.npmjs.org/get-intrinsic/-/get-intrinsic-1.3.0.tgz 2222ms (cache miss)
694 http fetch GET 200 https://registry.npmjs.org/side-channel-weakmap/-/side-channel-weakmap-1.0.2.tgz 2255ms (cache miss)
695 http fetch GET 200 https://registry.npmjs.org/es-object-atoms/-/es-object-atoms-1.1.2.tgz 2467ms (cache miss)
696 http fetch GET 200 https://registry.npmjs.org/hasown/-/hasown-2.0.4.tgz 2498ms (cache miss)
697 http fetch GET 200 https://registry.npmjs.org/call-bound/-/call-bound-1.0.4.tgz 2485ms (cache miss)
698 http fetch GET 200 https://registry.npmjs.org/side-channel-list/-/side-channel-list-1.0.1.tgz 2534ms (cache miss)
699 http fetch GET 200 https://registry.npmjs.org/get-proto/-/get-proto-1.0.1.tgz 2589ms (cache miss)
700 http fetch GET 200 https://registry.npmjs.org/side-channel-map/-/side-channel-map-1.0.1.tgz 2684ms (cache miss)
701 http fetch GET 200 https://registry.npmjs.org/es-errors/-/es-errors-1.3.0.tgz 2827ms (cache miss)
702 http fetch GET 200 https://registry.npmjs.org/object-inspect/-/object-inspect-1.13.4.tgz 2854ms (cache miss)
703 http fetch GET 200 https://registry.npmjs.org/@types/node/-/node-26.1.2.tgz 3601ms (cache miss)
704 http fetch GET 200 https://registry.npmjs.org/es-define-property/-/es-define-property-1.0.1.tgz 3757ms (cache miss)
705 http fetch GET 200 https://registry.npmjs.org/forwarded/-/forwarded-0.2.0.tgz 3811ms (cache miss)
706 http fetch GET 200 https://registry.npmjs.org/ipaddr.js/-/ipaddr.js-1.9.1.tgz 3816ms (cache miss)
707 http fetch GET 200 https://registry.npmjs.org/mime/-/mime-1.6.0.tgz 3844ms (cache miss)
708 http fetch GET 200 https://registry.npmjs.org/ee-first/-/ee-first-1.1.1.tgz 3895ms (cache miss)
709 http fetch GET 200 https://registry.npmjs.org/safer-buffer/-/safer-buffer-2.1.2.tgz 3972ms (cache miss)
710 http fetch GET 200 https://registry.npmjs.org/engine.io/-/engine.io-6.6.9.tgz 4155ms (cache miss)
711 http fetch GET 200 https://registry.npmjs.org/toidentifier/-/toidentifier-1.0.1.tgz 4115ms (cache miss)
712 http fetch GET 200 https://registry.npmjs.org/inherits/-/inherits-2.0.4.tgz 4120ms (cache miss)
713 http fetch GET 200 https://registry.npmjs.org/mime-db/-/mime-db-1.52.0.tgz 4124ms (cache miss)
714 http fetch GET 200 https://registry.npmjs.org/unpipe/-/unpipe-1.0.0.tgz 4134ms (cache miss)
715 http fetch GET 200 https://registry.npmjs.org/ms/-/ms-2.0.0.tgz 4276ms (cache miss)
716 http fetch GET 200 https://registry.npmjs.org/socket.io-adapter/-/socket.io-adapter-2.5.8.tgz 4427ms (cache miss)
717 http fetch GET 200 https://registry.npmjs.org/raw-body/-/raw-body-2.5.3.tgz 4361ms (cache miss)
718 http fetch GET 200 https://registry.npmjs.org/destroy/-/destroy-1.2.0.tgz 4480ms (cache miss)
719 http fetch GET 200 https://registry.npmjs.org/negotiator/-/negotiator-0.6.3.tgz 4521ms (cache miss)
720 http fetch GET 200 https://registry.npmjs.org/bytes/-/bytes-3.1.2.tgz 4522ms (cache miss)
721 http fetch GET 200 https://registry.npmjs.org/iconv-lite/-/iconv-lite-0.4.24.tgz 4720ms (cache miss)
722 http fetch GET 200 https://registry.npmjs.org/statuses/-/statuses-2.0.2.tgz 4985ms (cache miss)
723 http fetch GET 200 https://registry.npmjs.org/side-channel/-/side-channel-1.1.1.tgz 5061ms (cache miss)
724 http fetch GET 200 https://registry.npmjs.org/send/-/send-0.19.2.tgz 4999ms (cache miss)
725 http fetch GET 200 https://registry.npmjs.org/has-symbols/-/has-symbols-1.1.0.tgz 5120ms (cache miss)
726 http fetch GET 200 https://registry.npmjs.org/safe-buffer/-/safe-buffer-5.2.1.tgz 5052ms (cache miss)
727 http fetch GET 200 https://registry.npmjs.org/vary/-/vary-1.1.2.tgz 5151ms (cache miss)
728 http fetch GET 200 https://registry.npmjs.org/range-parser/-/range-parser-1.2.1.tgz 5160ms (cache miss)
729 http fetch GET 200 https://registry.npmjs.org/utils-merge/-/utils-merge-1.0.1.tgz 5215ms (cache miss)
730 http fetch GET 200 https://registry.npmjs.org/mime-types/-/mime-types-2.1.35.tgz 5267ms (cache miss)
731 http fetch GET 200 https://registry.npmjs.org/qs/-/qs-6.15.3.tgz 5387ms (cache miss)
732 http fetch GET 200 https://registry.npmjs.org/proxy-addr/-/proxy-addr-2.0.7.tgz 5391ms (cache miss)
733 http fetch GET 200 https://registry.npmjs.org/path-to-regexp/-/path-to-regexp-0.1.13.tgz 5389ms (cache miss)
734 http fetch GET 200 https://registry.npmjs.org/on-finished/-/on-finished-2.4.1.tgz 5603ms (cache miss)
735 http fetch GET 200 https://registry.npmjs.org/methods/-/methods-1.1.2.tgz 5611ms (cache miss)
736 http fetch GET 200 https://registry.npmjs.org/merge-descriptors/-/merge-descriptors-1.0.3.tgz 5655ms (cache miss)
737 http fetch GET 200 https://registry.npmjs.org/http-errors/-/http-errors-2.0.1.tgz 5733ms (cache miss)
738 http fetch GET 200 https://registry.npmjs.org/finalhandler/-/finalhandler-1.3.2.tgz 5966ms (cache miss)
739 http fetch GET 200 https://registry.npmjs.org/escape-html/-/escape-html-1.0.3.tgz 6052ms (cache miss)
740 http fetch GET 200 https://registry.npmjs.org/encodeurl/-/encodeurl-2.0.0.tgz 6053ms (cache miss)
741 http fetch GET 200 https://registry.npmjs.org/parseurl/-/parseurl-1.3.3.tgz 6112ms (cache miss)
742 http fetch GET 200 https://registry.npmjs.org/depd/-/depd-2.0.0.tgz 6124ms (cache miss)
743 http fetch GET 200 https://registry.npmjs.org/setprototypeof/-/setprototypeof-1.2.0.tgz 6311ms (cache miss)
744 http fetch GET 200 https://registry.npmjs.org/etag/-/etag-1.8.1.tgz 6340ms (cache miss)
745 http fetch GET 200 https://registry.npmjs.org/type-is/-/type-is-1.6.18.tgz 6389ms (cache miss)
746 http fetch GET 200 https://registry.npmjs.org/content-type/-/content-type-1.0.5.tgz 6389ms (cache miss)
747 http fetch GET 200 https://registry.npmjs.org/cookie-signature/-/cookie-signature-1.0.7.tgz 6390ms (cache miss)
748 http fetch GET 200 https://registry.npmjs.org/debug/-/debug-2.6.9.tgz 6400ms (cache miss)
749 http fetch GET 200 https://registry.npmjs.org/fresh/-/fresh-0.5.2.tgz 6447ms (cache miss)
750 http fetch GET 200 https://registry.npmjs.org/@types/cors/-/cors-2.8.19.tgz 6733ms (cache miss)
751 http fetch GET 200 https://registry.npmjs.org/base64id/-/base64id-2.0.0.tgz 6747ms (cache miss)
752 http fetch GET 200 https://registry.npmjs.org/engine.io-parser/-/engine.io-parser-5.2.3.tgz 6788ms (cache miss)
753 http fetch GET 200 https://registry.npmjs.org/body-parser/-/body-parser-1.20.6.tgz 6605ms (cache miss)
754 http fetch GET 200 https://registry.npmjs.org/accepts/-/accepts-1.3.8.tgz 6608ms (cache miss)
755 http fetch GET 200 https://registry.npmjs.org/array-flatten/-/array-flatten-1.1.1.tgz 6687ms (cache miss)
756 http fetch GET 200 https://registry.npmjs.org/express/-/express-4.22.2.tgz 6821ms (cache miss)
757 http fetch GET 200 https://registry.npmjs.org/debug/-/debug-4.4.3.tgz 6886ms (cache miss)
758 http fetch GET 200 https://registry.npmjs.org/ms/-/ms-2.1.3.tgz 6938ms (cache miss)
759 http fetch GET 200 https://registry.npmjs.org/debug/-/debug-4.4.3.tgz 6962ms (cache miss)
760 http fetch GET 200 https://registry.npmjs.org/socket.io/-/socket.io-4.8.3.tgz 8057ms (cache miss)
761 http fetch GET 200 https://registry.npmjs.org/ms/-/ms-2.1.3.tgz 8298ms (cache miss)
762 http fetch GET 200 https://registry.npmjs.org/ms/-/ms-2.1.3.tgz 8366ms (cache miss)
763 http fetch GET 200 https://registry.npmjs.org/debug/-/debug-4.4.3.tgz 8366ms (cache miss)
764 http fetch GET 200 https://registry.npmjs.org/ms/-/ms-2.1.3.tgz 8385ms (cache miss)
765 http fetch GET 200 https://registry.npmjs.org/debug/-/debug-4.4.3.tgz 8442ms (cache miss)
766 http fetch GET 200 https://registry.npmjs.org/ms/-/ms-2.1.3.tgz 8511ms (cache miss)
767 http fetch GET 200 https://registry.npmjs.org/serve-static/-/serve-static-1.16.3.tgz 8511ms (cache miss)
768 http fetch GET 200 https://registry.npmjs.org/content-disposition/-/content-disposition-0.5.4.tgz 8598ms (cache miss)
769 http fetch GET 200 https://registry.npmjs.org/cookie/-/cookie-0.7.2.tgz 8788ms (cache miss)
770 http fetch GET 200 https://registry.npmjs.org/cors/-/cors-2.8.6.tgz 9026ms (cache miss)
771 http fetch GET 200 https://registry.npmjs.org/object-assign/-/object-assign-4.1.1.tgz 10587ms (cache miss)
772 http fetch GET 200 https://registry.npmjs.org/socket.io-parser/-/socket.io-parser-4.2.7.tgz 10688ms (cache miss)
773 silly ADD node_modules/media-typer
774 silly ADD node_modules/@socket.io/component-emitter
775 silly ADD node_modules/undici-types
776 silly ADD node_modules/ws
777 silly ADD node_modules/engine.io-parser
778 silly ADD node_modules/@types/ws
779 silly ADD node_modules/@types/node
780 silly ADD node_modules/@types/cors
781 silly ADD node_modules/object-assign
782 silly ADD node_modules/socket.io-parser
783 silly ADD node_modules/socket.io-parser/node_modules/ms
784 silly ADD node_modules/socket.io-parser/node_modules/debug
785 silly ADD node_modules/socket.io-adapter
786 silly ADD node_modules/socket.io-adapter/node_modules/ms
787 silly ADD node_modules/socket.io-adapter/node_modules/debug
788 silly ADD node_modules/engine.io
789 silly ADD node_modules/engine.io/node_modules/ms
790 silly ADD node_modules/engine.io/node_modules/debug
791 silly ADD node_modules/cors
792 silly ADD node_modules/base64id
793 silly ADD node_modules/dunder-proto
794 silly ADD node_modules/math-intrinsics
795 silly ADD node_modules/hasown
796 silly ADD node_modules/has-symbols
797 silly ADD node_modules/gopd
798 silly ADD node_modules/get-proto
799 silly ADD node_modules/es-object-atoms
800 silly ADD node_modules/function-bind
801 silly ADD node_modules/call-bind-apply-helpers
802 silly ADD node_modules/get-intrinsic
803 silly ADD node_modules/call-bound
804 silly ADD node_modules/side-channel-weakmap
805 silly ADD node_modules/side-channel-map
806 silly ADD node_modules/side-channel-list
807 silly ADD node_modules/object-inspect
808 silly ADD node_modules/es-errors
809 silly ADD node_modules/mime
810 silly ADD node_modules/side-channel
811 silly ADD node_modules/es-define-property
812 silly ADD node_modules/ipaddr.js
813 silly ADD node_modules/forwarded
814 silly ADD node_modules/ee-first
815 silly ADD node_modules/mime-db
816 silly ADD node_modules/safer-buffer
817 silly ADD node_modules/toidentifier
818 silly ADD node_modules/inherits
819 silly ADD node_modules/ms
820 silly ADD node_modules/unpipe
821 silly ADD node_modules/raw-body
822 silly ADD node_modules/iconv-lite
823 silly ADD node_modules/destroy
824 silly ADD node_modules/bytes
825 silly ADD node_modules/negotiator
826 silly ADD node_modules/mime-types
827 silly ADD node_modules/vary
828 silly ADD node_modules/utils-merge
829 silly ADD node_modules/type-is
830 silly ADD node_modules/statuses
831 silly ADD node_modules/setprototypeof
832 silly ADD node_modules/serve-static
833 silly ADD node_modules/send
834 silly ADD node_modules/send/node_modules/ms
835 silly ADD node_modules/safe-buffer
836 silly ADD node_modules/range-parser
837 silly ADD node_modules/qs
838 silly ADD node_modules/proxy-addr
839 silly ADD node_modules/path-to-regexp
840 silly ADD node_modules/parseurl
841 silly ADD node_modules/on-finished
842 silly ADD node_modules/methods
843 silly ADD node_modules/merge-descriptors
844 silly ADD node_modules/http-errors
845 silly ADD node_modules/fresh
846 silly ADD node_modules/finalhandler
847 silly ADD node_modules/etag
848 silly ADD node_modules/escape-html
849 silly ADD node_modules/encodeurl
850 silly ADD node_modules/depd
851 silly ADD node_modules/debug
852 silly ADD node_modules/cookie-signature
853 silly ADD node_modules/cookie
854 silly ADD node_modules/content-type
855 silly ADD node_modules/content-disposition
856 silly ADD node_modules/body-parser
857 silly ADD node_modules/array-flatten
858 silly ADD node_modules/accepts
859 silly ADD node_modules/socket.io
860 silly ADD node_modules/socket.io/node_modules/ms
861 silly ADD node_modules/socket.io/node_modules/debug
862 silly ADD node_modules/express
863 verbose cwd /data/data/com.termux/files/home
864 verbose os Linux 4.19.191-perf-g753965064ab0
865 verbose node v26.3.1
866 verbose npm  v11.17.0
867 notice
867 notice New [31mmajor[39m version of npm available! [31m11.17.0[39m -> [34m12.0.2[39m
867 notice Changelog: [34mhttps://github.com/npm/cli/releases/tag/v12.0.2[39m
867 notice To update run: [4mnpm install -g npm@12.0.2[24m
867 notice  { force: true, Symbol(proc-log.meta): true }
868 verbose exit 0
869 info ok
